// Jest Snapshot v1, https://goo.gl/fbAQLP

exports[`BackHome -> StartNewWarning component snapshot 1`] = `
Array [
  <div
    className="css-y95q5s"
  >
    <div
      className="chakra-alert css-1hpcq17"
      role="alert"
    >
      <div
        className="css-k008qs"
      >
        <span
          className="chakra-alert__icon css-1wqjgh0"
        >
          <svg
            className="chakra-icon css-fi0ww0"
            focusable={false}
            viewBox="0 0 24 24"
          >
            <path
              d="M11.983,0a12.206,12.206,0,0,0-8.51,3.653A11.8,11.8,0,0,0,0,12.207,11.779,11.779,0,0,0,11.8,24h.214A12.111,12.111,0,0,0,24,11.791h0A11.766,11.766,0,0,0,11.983,0ZM10.5,16.542a1.476,1.476,0,0,1,1.449-1.53h.027a1.527,1.527,0,0,1,1.523,1.47,1.475,1.475,0,0,1-1.449,1.53h-.027A1.529,1.529,0,0,1,10.5,16.542ZM11,12.5v-6a1,1,0,0,1,2,0v6a1,1,0,1,1-2,0Z"
              fill="currentColor"
            />
          </svg>
        </span>
        <p
          className="chakra-text css-1rr4qq7"
        >
          Your existing data lake is consuming AWS resources that might incur cost, starting a new data lake will 
          <b>
            not delete
          </b>
           these resources and your existing data lake will be left intact. Take additional steps to clean the existing resources if desired.
        </p>
      </div>
    </div>
    <div
      className="css-s6koyw"
    >
      <button
        className="chakra-button css-wd3f61"
        onClick={[Function]}
        type="button"
      >
        Cancel
      </button>
      <button
        className="chakra-button css-mwvyhu"
        onClick={[Function]}
        type="button"
      >
        Continue
      </button>
    </div>
  </div>,
  <span />,
]
`;
