// Jest Snapshot v1, https://goo.gl/fbAQLP

exports[`Step1 -> CredentialsCollectionForm component snapshot 1`] = `
Array [
  <div
    className="css-4lei0w"
  >
    <div
      className="css-19alo4x"
    >
      <h2
        className="chakra-heading css-1s3g4fq"
      >
        Access Key ID & Secret Access Key
      </h2>
      <div
        className="chakra-form-control css-1kxonj9"
        role="group"
      >
        <input
          className="chakra-input css-1rvlvqs"
          defaultValue=""
          disabled={false}
          id="accessKeyId"
          name="accessKeyId"
          onBlur={[Function]}
          onChange={[Function]}
          onFocus={[Function]}
          placeholder="Access key id"
          readOnly={false}
          required={false}
        />
        <div
          className="chakra-input__group css-yymdw1"
        >
          <input
            className="chakra-input css-1h1dmm0"
            defaultValue=""
            disabled={false}
            id="secretAccessKey"
            name="secretAccessKey"
            onBlur={[Function]}
            onChange={[Function]}
            onFocus={[Function]}
            placeholder="Secret access key"
            readOnly={false}
            required={false}
            type="password"
          />
          <div
            className="chakra-input__right-element css-ohd79a"
            size="md"
          >
            <button
              className="chakra-button css-1qo2nbo"
              disabled={true}
              onClick={[Function]}
              type="button"
            >
              Show
            </button>
          </div>
        </div>
        <div
          className="chakra-alert css-7lx40g"
          role="alert"
        >
          <span
            className="chakra-alert__icon css-15539z7"
          >
            <svg
              className="chakra-icon css-fi0ww0"
              focusable={false}
              viewBox="0 0 24 24"
            >
              <path
                d="M11.983,0a12.206,12.206,0,0,0-8.51,3.653A11.8,11.8,0,0,0,0,12.207,11.779,11.779,0,0,0,11.8,24h.214A12.111,12.111,0,0,0,24,11.791h0A11.766,11.766,0,0,0,11.983,0ZM10.5,16.542a1.476,1.476,0,0,1,1.449-1.53h.027a1.527,1.527,0,0,1,1.523,1.47,1.475,1.475,0,0,1-1.449,1.53h-.027A1.529,1.529,0,0,1,10.5,16.542ZM11,12.5v-6a1,1,0,0,1,2,0v6a1,1,0,1,1-2,0Z"
                fill="currentColor"
              />
            </svg>
          </span>
          Secret access keys are sensitive information, keep them secured and protected, never post them on public platforms or leave them unsecured as this can compromise your account security
        </div>
      </div>
    </div>
  </div>,
  <div
    className="css-s6koyw"
  >
    <button
      className="chakra-button css-7c7vkr"
      disabled={false}
      onClick={[Function]}
      type="button"
    >
      Cancel
    </button>
    <button
      className="chakra-button css-zb27lh"
      disabled={false}
      onClick={[Function]}
      type="button"
    >
      Continue
    </button>
  </div>,
  <span />,
]
`;
