// Jest Snapshot v1, https://goo.gl/fbAQLP

exports[`ClickableImage component snapshot 1`] = `
Array [
  <div
    data-testid="test-root"
  >
    <div
      className="css-0"
    >
      <img
        alt="Powered by AWS"
        className="chakra-image css-1fyy6mf"
        onClick={[Function]}
        src="https://d0.awsstatic.com/logos/powered-by-aws.png"
      />
    </div>
  </div>,
  <span />,
]
`;
