// Jest Snapshot v1, https://goo.gl/fbAQLP

exports[`StepsBanner component snapshot 1`] = `
Array [
  <div
    data-testid="test-root"
  >
    <div
      className="css-15dboc9"
    >
      <div
        className="chakra-container css-h66qep"
      >
        <div
          className="chakra-stack css-84zodg"
        >
          <span
            className="css-hfqsm"
          >
            1
          </span>
          <span
            className="css-ulmpab"
          >
            2
          </span>
          <span
            className="css-ulmpab"
          >
            3
          </span>
          <span
            className="css-ulmpab"
          >
            4
          </span>
          <span
            className="css-ulmpab"
          >
            5
          </span>
          <span
            className="css-ulmpab"
          >
            6
          </span>
        </div>
      </div>
    </div>
  </div>,
  <span />,
]
`;
