// Jest Snapshot v1, https://goo.gl/fbAQLP

exports[`Step6 component snapshot 1`] = `
Array [
  <div
    data-testid="test-root"
  >
    <div
      className="css-0"
      id="step6"
    >
      <div
        className="css-1v55i00"
        data-testid="curved-box"
      />
      <div
        className="chakra-container css-1szj4qk"
      >
        <div
          className="chakra-stack css-olw0lh"
        >
          <div
            className="chakra-stack css-18lyn6q"
          >
            <div
              className="css-1i3fafl"
            >
              <img
                className="chakra-image css-0"
                src="Salesforce_Corporate_Logo_RGB.png"
              />
            </div>
            <div
              className="chakra-stack__divider css-r2vkku"
            />
            <div
              className="css-nutmff"
            >
              <img
                className="chakra-image css-ir5tdx"
                src="AWS_logo_RGB_BLK.png"
              />
            </div>
          </div>
          <div
            className="chakra-stack css-1n7gsjr"
          >
            <div
              className="css-18n4g2t"
            >
              <h2
                className="chakra-heading css-1opsxio"
                id="h2-title"
              >
                Data Lake for Nonprofits, Powered by AWS
              </h2>
            </div>
          </div>
        </div>
      </div>
      <div
        className="css-79elbk"
      >
        <div
          className="css-t7j6xp"
          data-testid="curved-box"
        />
        <div
          className="css-4e82ru"
        >
          <div
            className="chakra-container css-h66qep"
          >
            <div
              className="chakra-stack css-84zodg"
            >
              <span
                className="css-9xsoz7"
              >
                1
              </span>
              <span
                className="css-9xsoz7"
              >
                2
              </span>
              <span
                className="css-9xsoz7"
              >
                3
              </span>
              <span
                className="css-9xsoz7"
              >
                4
              </span>
              <span
                className="css-9xsoz7"
              >
                5
              </span>
              <span
                className="css-hfqsm"
              >
                6
              </span>
            </div>
          </div>
        </div>
      </div>
      <div
        className="chakra-container css-11yz6e2"
      >
        <h2
          className="chakra-heading css-noy8un"
        >
          Connect to Analytics
        </h2>
        <div
          className="css-1kveix6"
        >
          <p
            className="chakra-text css-0"
          >
            Region: 
            us-east-1
          </p>
          <p
            className="chakra-text css-0"
          >
            Installation ID: 
            1
          </p>
        </div>
        <div
          className="css-vfbt1y"
        >
          <div
            className="chakra-stack css-1s6236i"
          >
            <div
              className="css-1y0bycm"
            >
              <div
                className="css-0"
              >
                Now that you have the data lake provisioned, you can connect to Tableau for analytics. Here you will gather all the necessary information needed to make that connection.
              </div>
            </div>
          </div>
        </div>
        <div
          className="css-1jkeem6"
        >
          <h2
            className="chakra-heading css-1mrywam"
            onClick={[Function]}
          >
            Launch Your Connection in Tableau Online
            <svg
              className="chakra-icon css-xbxoa7"
              focusable={false}
              viewBox="0 0 24 24"
            >
              <path
                d="M10 6L8.59 7.41 13.17 12l-4.58 4.59L10 18l6-6z"
                fill="currentColor"
              />
            </svg>
          </h2>
        </div>
        <div
          className="css-1jkeem6"
        >
          <h2
            className="chakra-heading css-1mrywam"
            onClick={[Function]}
          >
            Launch Your Connection in Tableau Desktop
            <svg
              className="chakra-icon css-xbxoa7"
              focusable={false}
              viewBox="0 0 24 24"
            >
              <path
                d="M10 6L8.59 7.41 13.17 12l-4.58 4.59L10 18l6-6z"
                fill="currentColor"
              />
            </svg>
          </h2>
        </div>
        <div
          className="css-1jkeem6"
        >
          <h2
            className="chakra-heading css-1mrywam"
            onClick={[Function]}
          >
            Admin Tools
            <svg
              className="chakra-icon css-xbxoa7"
              focusable={false}
              viewBox="0 0 24 24"
            >
              <path
                d="M10 6L8.59 7.41 13.17 12l-4.58 4.59L10 18l6-6z"
                fill="currentColor"
              />
            </svg>
          </h2>
        </div>
        <div
          className="chakra-stack css-1aoc1cb"
        >
          <button
            className="chakra-button css-a63yqb"
            onClick={[Function]}
            type="button"
          >
            <span
              className="chakra-button__icon css-1wh2kri"
            >
              <svg
                aria-hidden={true}
                className="chakra-icon css-onkibi"
                focusable={false}
                viewBox="0 0 24 24"
              >
                <path
                  d="M20 11H7.83l5.59-5.59L12 4l-8 8 8 8 1.41-1.41L7.83 13H20v-2z"
                  fill="currentColor"
                />
              </svg>
            </span>
            Previous
          </button>
        </div>
      </div>
    </div>
  </div>,
  <span />,
]
`;
