// Jest Snapshot v1, https://goo.gl/fbAQLP

exports[`FieldsTable component snapshot 1`] = `
Array [
  <div
    data-testid="test-root"
  >
    <div
      className="css-10n4rap"
    >
      <div
        className="chakra-radio-group css-1y0bycm"
        role="radiogroup"
      >
        <div
          className="css-1lgisrc"
        >
          <div
            className="css-np5eqa"
          >
            Show
          </div>
          <label
            className="chakra-radio css-1pw4d56"
            data-checked=""
          >
            <input
              checked={true}
              className="chakra-radio__input"
              id="radio-1"
              name="radio-1"
              onBlur={[Function]}
              onChange={[Function]}
              onFocus={[Function]}
              onKeyDown={[Function]}
              onKeyUp={[Function]}
              style={
                Object {
                  "border": "0px",
                  "clip": "rect(0px, 0px, 0px, 0px)",
                  "height": "1px",
                  "margin": "-1px",
                  "overflow": "hidden",
                  "padding": "0px",
                  "position": "absolute",
                  "whiteSpace": "nowrap",
                  "width": "1px",
                }
              }
              type="radio"
              value="1"
            />
            <span
              aria-hidden={true}
              className="chakra-radio__control css-1upy29y"
              data-checked=""
              onMouseDown={[Function]}
              onMouseEnter={[Function]}
              onMouseLeave={[Function]}
              onMouseUp={[Function]}
            />
            <span
              className="chakra-radio__label css-1i66d7g"
              data-checked=""
              onMouseDown={[Function]}
              onTouchStart={[Function]}
            >
              <p
                className="chakra-text css-9f98jw"
              >
                NPSP Fields
                <span
                  className="chakra-badge css-7hgm7x"
                >
                  0
                </span>
              </p>
            </span>
          </label>
          <label
            className="chakra-radio css-fjnot9"
          >
            <input
              checked={false}
              className="chakra-radio__input"
              id="radio-1"
              name="radio-1"
              onBlur={[Function]}
              onChange={[Function]}
              onFocus={[Function]}
              onKeyDown={[Function]}
              onKeyUp={[Function]}
              style={
                Object {
                  "border": "0px",
                  "clip": "rect(0px, 0px, 0px, 0px)",
                  "height": "1px",
                  "margin": "-1px",
                  "overflow": "hidden",
                  "padding": "0px",
                  "position": "absolute",
                  "whiteSpace": "nowrap",
                  "width": "1px",
                }
              }
              type="radio"
              value="2"
            />
            <span
              aria-hidden={true}
              className="chakra-radio__control css-1upy29y"
              onMouseDown={[Function]}
              onMouseEnter={[Function]}
              onMouseLeave={[Function]}
              onMouseUp={[Function]}
            />
            <span
              className="chakra-radio__label css-1i66d7g"
              onMouseDown={[Function]}
              onTouchStart={[Function]}
            >
              <p
                className="chakra-text css-9f98jw"
              >
                All Fields
                <span
                  className="chakra-badge css-7hgm7x"
                >
                  0
                </span>
              </p>
            </span>
          </label>
          <label
            className="chakra-radio css-1pw4d56"
          >
            <input
              checked={false}
              className="chakra-radio__input"
              id="radio-1"
              name="radio-1"
              onBlur={[Function]}
              onChange={[Function]}
              onFocus={[Function]}
              onKeyDown={[Function]}
              onKeyUp={[Function]}
              style={
                Object {
                  "border": "0px",
                  "clip": "rect(0px, 0px, 0px, 0px)",
                  "height": "1px",
                  "margin": "-1px",
                  "overflow": "hidden",
                  "padding": "0px",
                  "position": "absolute",
                  "whiteSpace": "nowrap",
                  "width": "1px",
                }
              }
              type="radio"
              value="3"
            />
            <span
              aria-hidden={true}
              className="chakra-radio__control css-1upy29y"
              onMouseDown={[Function]}
              onMouseEnter={[Function]}
              onMouseLeave={[Function]}
              onMouseUp={[Function]}
            />
            <span
              className="chakra-radio__label css-1i66d7g"
              onMouseDown={[Function]}
              onTouchStart={[Function]}
            >
              <p
                className="chakra-text css-bxgqra"
              >
                Excluded Fields
                <span
                  className="chakra-badge css-7hgm7x"
                >
                  0
                </span>
              </p>
            </span>
          </label>
        </div>
      </div>
      <div
        className="css-1y07nh"
      >
        No fields are found
      </div>
    </div>
  </div>,
  <span />,
]
`;
