// Jest Snapshot v1, https://goo.gl/fbAQLP

exports[`Header component snapshot 1`] = `
Array [
  <div
    className="chakra-container css-1szj4qk"
  >
    <div
      className="chakra-stack css-1ujrv8r"
    >
      <div
        className="chakra-stack css-18lyn6q"
      >
        <div
          className="css-1i3fafl"
        >
          <img
            className="chakra-image css-0"
            src="Salesforce_Corporate_Logo_RGB.png"
          />
        </div>
        <div
          className="chakra-stack__divider css-r2vkku"
        />
        <div
          className="css-nutmff"
        >
          <img
            className="chakra-image css-ir5tdx"
            src="AWS_logo_RGB_BLK.png"
          />
        </div>
      </div>
      <div
        className="chakra-stack css-1n7gsjr"
      >
        <div
          className="css-18n4g2t"
        >
          <h2
            className="chakra-heading css-1opsxio"
          >
            Datalake for Nonprofits, Powered by AWS
          </h2>
        </div>
      </div>
    </div>
  </div>,
  <span />,
]
`;
